---
source: crates/iota/src/upgrade_compatibility/../unit_tests/upgrade_compatibility_tests.rs
expression: normalize_path(output)
---
error[Compatibility E01006]: module missing
  ┌─ /fixtures/upgrade_errors/missing_module_toml/addresses_first/Move.toml:4:1
  │  
4 │ ╭ [package]
5 │ │ name = "upgrades"
6 │ │ edition = "2024.beta" # edition = "legacy" to use legacy (pre-2024) Move
  │ ╰────────────────────────────────────────────────────────────────────────^ Package is missing module 'identifier'
  │  
  = Modules which are part package cannot be removed during an upgrade.
  = add missing module 'identifier' back to the package.
