---
source: external-crates/move/crates/move-transactional-test-runner/src/framework.rs
---
processed 2 tasks

task 1, lines 6-28:
//# publish
Error: Transaction Effects Status: IOTA Move Bytecode Verification Error. Please run the IOTA Move Verifier for more information.
Execution Error: ExecutionError: ExecutionError { inner: ExecutionErrorInner { kind: IotaMoveVerificationError, source: Some("Expected last parameter for _::M1::init to be &mut iota::tx_context::TxContext or &iota::tx_context::TxContext, but found &mut iota::tx_context::TxContext"), command: Some(0) } }
