---
source: crates/move-compiler/tests/move_check_testsuite.rs
info:
  flavor: iota
  edition: 2024.alpha
  lint: false
---

