---
source: external-crates/move/crates/move-transactional-test-runner/src/framework.rs
---
processed 3 tasks

init:
C: object(0,0)

task 1, line 8:
//# create-checkpoint
Checkpoint created: 1

task 2, lines 10-13:
//# run-graphql
Response: {
  "data": {
    "chainIdentifier": "cc9bde4c"
  }
}
