---
source: crates/move-compiler/tests/move_check_testsuite.rs
info:
  flavor: iota
  edition: legacy
  lint: false
---
error[Iota E02007]: invalid object declaration
  ┌─ tests/iota_mode/struct_with_key/key_struct_second_field_id.move:6:9
  │
5 │     struct S has key {
  │                  --- The 'key' ability is used to declare objects in IOTA
6 │         flag: bool,
  │         ^^^^ Invalid object 'S'. Structs with the 'key' ability must have 'id: iota::object::UID' as their first field

error[Iota E02007]: invalid object declaration
   ┌─ tests/iota_mode/struct_with_key/key_struct_second_field_id.move:11:9
   │
10 │     struct R has key {
   │                  --- The 'key' ability is used to declare objects in IOTA
11 │         flag: bool,
   │         ^^^^ Invalid object 'R'. Structs with the 'key' ability must have 'id: iota::object::UID' as their first field
