---
source: crates/iota/tests/shell_tests.rs
description: tests/shell_tests/with_network/move_build_bytecode_with_address_resolution/move_build_bytecode_with_address_resolution.sh
---
----- script -----
# Copyright (c) Mysten Labs, Inc.
# Modifications Copyright (c) 2025 IOTA Stiftung
# SPDX-License-Identifier: Apache-2.0

iota client --client.config $CONFIG \
  publish simple \
  --json | jq '.effects.status'

iota move --client.config $CONFIG \
  build --path depends_on_simple

----- results -----
success: true
exit_code: 0
----- stdout -----
{
  "status": "success"
}

----- stderr -----
BUILDING simple
Successfully verified dependencies on-chain against source.
INCLUDING DEPENDENCY simple
BUILDING depends_on_simple
