---
source: crates/iota/tests/shell_tests.rs
description: tests/shell_tests/simple/simple.sh
---
----- script -----
# Copyright (c) Mysten Labs, Inc.
# Modifications Copyright (c) 2025 IOTA Stiftung
# SPDX-License-Identifier: Apache-2.0

# simple test just to make sure the test runner works
echo "simple test"
cat data/data.txt
iota move new simple_test

----- results -----
success: true
exit_code: 0
----- stdout -----
simple test
some unimportant data

----- stderr -----
