---
source: crates/iota-move/tests/cli_tests.rs
description: tests/tests/new_tests/new_then_build.sh
---
success: true
exit_code: 0
----- stdout -----

----- stderr -----
INCLUDING DEPENDENCY Iota
INCLUDING DEPENDENCY MoveStdlib
BUILDING example