---
source: external-crates/move/crates/move-transactional-test-runner/src/framework.rs
---
processed 1 task

task 0, lines 7-25:
//# publish
Error: Transaction Effects Status: IOTA Move Bytecode Verification Error. Please run the IOTA Move Verifier for more information.
Execution Error: ExecutionError: ExecutionError { inner: ExecutionErrorInner { kind: IotaMoveVerificationError, source: Some("one-time witness type _::m::M is instantiated in the _::m::pack function and must never be"), command: Some(0) } }
