---
source: external-crates/move/crates/move-transactional-test-runner/src/framework.rs
---
processed 4 tasks

task 1, lines 9-20:
//# publish
Error: Transaction Effects Status: IOTA Move Bytecode Verification Error. Please run the IOTA Move Verifier for more information.
Execution Error: ExecutionError: ExecutionError { inner: ExecutionErrorInner { kind: IotaMoveVerificationError, source: Some("one-time witness type candidate _::m::M must have a single ability: drop"), command: Some(0) } }

task 2, lines 22-33:
//# publish
Error: Transaction Effects Status: IOTA Move Bytecode Verification Error. Please run the IOTA Move Verifier for more information.
Execution Error: ExecutionError: ExecutionError { inner: ExecutionErrorInner { kind: IotaMoveVerificationError, source: Some("one-time witness type candidate _::m::M must have a single ability: drop"), command: Some(0) } }

task 3, lines 35-46:
//# publish
Error: Transaction Effects Status: IOTA Move Bytecode Verification Error. Please run the IOTA Move Verifier for more information.
Execution Error: ExecutionError: ExecutionError { inner: ExecutionErrorInner { kind: IotaMoveVerificationError, source: Some("one-time witness type candidate _::m::M must have a single ability: drop"), command: Some(0) } }
