---
source: external-crates/move/crates/move-transactional-test-runner/src/framework.rs
---
processed 26 tasks

init:
A: object(0,0), B: object(0,1)

task 1, lines 23-36:
//# publish
created: object(1,0)
mutated: object(0,2)
gas summary: computation_cost: 1000000, computation_cost_burned: 1000000, storage_cost: 5168000,  storage_rebate: 0, non_refundable_storage_fee: 0

task 2, line 38:
//# create-checkpoint
Checkpoint created: 1

task 3, line 40:
//# run Test::M1::create --args 0 @A --sender A
created: object(3,0)
mutated: object(0,0)
gas summary: computation_cost: 1000000, computation_cost_burned: 1000000, storage_cost: 2287600,  storage_rebate: 0, non_refundable_storage_fee: 0

task 4, line 42:
//# create-checkpoint
Checkpoint created: 2

task 5, line 44:
//# advance-epoch
Epoch advanced: 0

task 6, lines 46-62:
//# run-graphql
Response: {
  "data": {
    "checkpoint": {
      "sequenceNumber": 3
    },
    "epoch": {
      "epochId": 0,
      "transactionBlocks": {
        "edges": [
          {
            "cursor": "eyJjIjozLCJ0IjowLCJpIjpmYWxzZX0",
            "node": {
              "digest": "G6pXWiLKQjMi3ZxEaWgqtRAW3WgMSDfqK8NoaV8FKnZ2"
            }
          },
          {
            "cursor": "eyJjIjozLCJ0IjoxLCJpIjpmYWxzZX0",
            "node": {
              "digest": "86m33AmSnfFVk2fLf3mfddzAcSXPAawVXse6dJZwpVKA"
            }
          },
          {
            "cursor": "eyJjIjozLCJ0IjoyLCJpIjpmYWxzZX0",
            "node": {
              "digest": "4W1uJURxYJRWuM8H6nN6ddMsgaoykainRhXgaTLCpSnd"
            }
          },
          {
            "cursor": "eyJjIjozLCJ0IjozLCJpIjpmYWxzZX0",
            "node": {
              "digest": "CCWGo3mktMapsV9DKmzXHysxzaJip3kujsWaSuvMEQNd"
            }
          }
        ]
      }
    }
  }
}

task 7, line 64:
//# run Test::M1::create --args 0 @A --sender A
created: object(7,0)
mutated: object(0,0)
gas summary: computation_cost: 1000000, computation_cost_burned: 1000000, storage_cost: 2287600,  storage_rebate: 980400, non_refundable_storage_fee: 0

task 8, line 66:
//# create-checkpoint
Checkpoint created: 4

task 9, line 68:
//# run Test::M1::create --args 0 @A --sender A
created: object(9,0)
mutated: object(0,0)
gas summary: computation_cost: 1000000, computation_cost_burned: 1000000, storage_cost: 2287600,  storage_rebate: 980400, non_refundable_storage_fee: 0

task 10, line 70:
//# create-checkpoint
Checkpoint created: 5

task 11, line 72:
//# run Test::M1::create --args 0 @A --sender A
created: object(11,0)
mutated: object(0,0)
gas summary: computation_cost: 1000000, computation_cost_burned: 1000000, storage_cost: 2287600,  storage_rebate: 980400, non_refundable_storage_fee: 0

task 12, line 74:
//# create-checkpoint
Checkpoint created: 6

task 13, line 76:
//# advance-epoch
Epoch advanced: 1

task 14, line 78:
//# run Test::M1::create --args 0 @A --sender A
created: object(14,0)
mutated: object(0,0)
gas summary: computation_cost: 1000000, computation_cost_burned: 1000000, storage_cost: 2287600,  storage_rebate: 980400, non_refundable_storage_fee: 0

task 15, line 80:
//# create-checkpoint
Checkpoint created: 8

task 16, line 82:
//# run Test::M1::create --args 0 @A --sender A
created: object(16,0)
mutated: object(0,0)
gas summary: computation_cost: 1000000, computation_cost_burned: 1000000, storage_cost: 2287600,  storage_rebate: 980400, non_refundable_storage_fee: 0

task 17, line 84:
//# create-checkpoint
Checkpoint created: 9

task 18, line 86:
//# run Test::M1::create --args 0 @A --sender A
created: object(18,0)
mutated: object(0,0)
gas summary: computation_cost: 1000000, computation_cost_burned: 1000000, storage_cost: 2287600,  storage_rebate: 980400, non_refundable_storage_fee: 0

task 19, line 88:
//# create-checkpoint
Checkpoint created: 10

task 20, line 90:
//# advance-epoch
Epoch advanced: 2

task 21, line 92:
//# advance-epoch
Epoch advanced: 3

task 22, lines 94-158:
//# run-graphql --cursors {"t":3,"i":false,"c":4} {"t":7,"i":false,"c":8} {"t":11,"i":false,"c":12}
Response: {
  "data": {
    "checkpoint": {
      "sequenceNumber": 12
    },
    "epoch_0_txs": {
      "epochId": 0,
      "transactionBlocks": {
        "edges": [
          {
            "cursor": "eyJjIjoxMiwidCI6MCwiaSI6ZmFsc2V9",
            "node": {
              "digest": "G6pXWiLKQjMi3ZxEaWgqtRAW3WgMSDfqK8NoaV8FKnZ2"
            }
          },
          {
            "cursor": "eyJjIjoxMiwidCI6MSwiaSI6ZmFsc2V9",
            "node": {
              "digest": "86m33AmSnfFVk2fLf3mfddzAcSXPAawVXse6dJZwpVKA"
            }
          },
          {
            "cursor": "eyJjIjoxMiwidCI6MiwiaSI6ZmFsc2V9",
            "node": {
              "digest": "4W1uJURxYJRWuM8H6nN6ddMsgaoykainRhXgaTLCpSnd"
            }
          },
          {
            "cursor": "eyJjIjoxMiwidCI6MywiaSI6ZmFsc2V9",
            "node": {
              "digest": "CCWGo3mktMapsV9DKmzXHysxzaJip3kujsWaSuvMEQNd"
            }
          }
        ]
      }
    },
    "txs_epoch_0": {
      "edges": [
        {
          "cursor": "eyJjIjo0LCJ0IjowLCJpIjpmYWxzZX0",
          "node": {
            "digest": "G6pXWiLKQjMi3ZxEaWgqtRAW3WgMSDfqK8NoaV8FKnZ2"
          }
        },
        {
          "cursor": "eyJjIjo0LCJ0IjoxLCJpIjpmYWxzZX0",
          "node": {
            "digest": "86m33AmSnfFVk2fLf3mfddzAcSXPAawVXse6dJZwpVKA"
          }
        },
        {
          "cursor": "eyJjIjo0LCJ0IjoyLCJpIjpmYWxzZX0",
          "node": {
            "digest": "4W1uJURxYJRWuM8H6nN6ddMsgaoykainRhXgaTLCpSnd"
          }
        }
      ]
    },
    "epoch_1_txs": {
      "epochId": 1,
      "transactionBlocks": {
        "edges": [
          {
            "cursor": "eyJjIjoxMiwidCI6NCwiaSI6ZmFsc2V9",
            "node": {
              "digest": "C1AmtnZZF8V8gQ2BmsfT3vz1QdgGqZ3sAZgtFt5Mgs5y"
            }
          },
          {
            "cursor": "eyJjIjoxMiwidCI6NSwiaSI6ZmFsc2V9",
            "node": {
              "digest": "ExebPaJwnnSFpjXMmjcxZBt2iceLeRU4XGBCWgNEZcmt"
            }
          },
          {
            "cursor": "eyJjIjoxMiwidCI6NiwiaSI6ZmFsc2V9",
            "node": {
              "digest": "F6vMWskqZbAeBkgFTiA6fasqa69TGN6DbrMAMA4muCbs"
            }
          },
          {
            "cursor": "eyJjIjoxMiwidCI6NywiaSI6ZmFsc2V9",
            "node": {
              "digest": "GFCx8HXzQg73TjHd54dFk6DVhPjU9pwMi4cXT27Mu7kr"
            }
          }
        ]
      }
    },
    "txs_epoch_1": {
      "edges": [
        {
          "cursor": "eyJjIjo4LCJ0IjowLCJpIjpmYWxzZX0",
          "node": {
            "digest": "G6pXWiLKQjMi3ZxEaWgqtRAW3WgMSDfqK8NoaV8FKnZ2"
          }
        },
        {
          "cursor": "eyJjIjo4LCJ0IjoxLCJpIjpmYWxzZX0",
          "node": {
            "digest": "86m33AmSnfFVk2fLf3mfddzAcSXPAawVXse6dJZwpVKA"
          }
        },
        {
          "cursor": "eyJjIjo4LCJ0IjoyLCJpIjpmYWxzZX0",
          "node": {
            "digest": "4W1uJURxYJRWuM8H6nN6ddMsgaoykainRhXgaTLCpSnd"
          }
        },
        {
          "cursor": "eyJjIjo4LCJ0IjozLCJpIjpmYWxzZX0",
          "node": {
            "digest": "CCWGo3mktMapsV9DKmzXHysxzaJip3kujsWaSuvMEQNd"
          }
        },
        {
          "cursor": "eyJjIjo4LCJ0Ijo0LCJpIjpmYWxzZX0",
          "node": {
            "digest": "C1AmtnZZF8V8gQ2BmsfT3vz1QdgGqZ3sAZgtFt5Mgs5y"
          }
        },
        {
          "cursor": "eyJjIjo4LCJ0Ijo1LCJpIjpmYWxzZX0",
          "node": {
            "digest": "ExebPaJwnnSFpjXMmjcxZBt2iceLeRU4XGBCWgNEZcmt"
          }
        },
        {
          "cursor": "eyJjIjo4LCJ0Ijo2LCJpIjpmYWxzZX0",
          "node": {
            "digest": "F6vMWskqZbAeBkgFTiA6fasqa69TGN6DbrMAMA4muCbs"
          }
        }
      ]
    },
    "epoch_2_txs": {
      "epochId": 2,
      "transactionBlocks": {
        "edges": [
          {
            "cursor": "eyJjIjoxMiwidCI6OCwiaSI6ZmFsc2V9",
            "node": {
              "digest": "8Tati4MMVtcAYuDNgawg46egeENNUVG9bDfyV8BZ24FN"
            }
          },
          {
            "cursor": "eyJjIjoxMiwidCI6OSwiaSI6ZmFsc2V9",
            "node": {
              "digest": "6wvbyi6kjMYcD1YTVZCVR5tySWgYPBEyFqp4Ry94qHd9"
            }
          },
          {
            "cursor": "eyJjIjoxMiwidCI6MTAsImkiOmZhbHNlfQ",
            "node": {
              "digest": "51CFRW8hURWB7a2i68w2g5pNxqTnjRdnbgnggZuPo6fq"
            }
          },
          {
            "cursor": "eyJjIjoxMiwidCI6MTEsImkiOmZhbHNlfQ",
            "node": {
              "digest": "kuZL4jSXz1ZRweGqK8qet9k2DTJV8DYZ7TmmB7fbzZS"
            }
          }
        ]
      }
    },
    "txs_epoch_2": {
      "edges": [
        {
          "cursor": "eyJjIjoxMiwidCI6MCwiaSI6ZmFsc2V9",
          "node": {
            "digest": "G6pXWiLKQjMi3ZxEaWgqtRAW3WgMSDfqK8NoaV8FKnZ2"
          }
        },
        {
          "cursor": "eyJjIjoxMiwidCI6MSwiaSI6ZmFsc2V9",
          "node": {
            "digest": "86m33AmSnfFVk2fLf3mfddzAcSXPAawVXse6dJZwpVKA"
          }
        },
        {
          "cursor": "eyJjIjoxMiwidCI6MiwiaSI6ZmFsc2V9",
          "node": {
            "digest": "4W1uJURxYJRWuM8H6nN6ddMsgaoykainRhXgaTLCpSnd"
          }
        },
        {
          "cursor": "eyJjIjoxMiwidCI6MywiaSI6ZmFsc2V9",
          "node": {
            "digest": "CCWGo3mktMapsV9DKmzXHysxzaJip3kujsWaSuvMEQNd"
          }
        },
        {
          "cursor": "eyJjIjoxMiwidCI6NCwiaSI6ZmFsc2V9",
          "node": {
            "digest": "C1AmtnZZF8V8gQ2BmsfT3vz1QdgGqZ3sAZgtFt5Mgs5y"
          }
        },
        {
          "cursor": "eyJjIjoxMiwidCI6NSwiaSI6ZmFsc2V9",
          "node": {
            "digest": "ExebPaJwnnSFpjXMmjcxZBt2iceLeRU4XGBCWgNEZcmt"
          }
        },
        {
          "cursor": "eyJjIjoxMiwidCI6NiwiaSI6ZmFsc2V9",
          "node": {
            "digest": "F6vMWskqZbAeBkgFTiA6fasqa69TGN6DbrMAMA4muCbs"
          }
        },
        {
          "cursor": "eyJjIjoxMiwidCI6NywiaSI6ZmFsc2V9",
          "node": {
            "digest": "GFCx8HXzQg73TjHd54dFk6DVhPjU9pwMi4cXT27Mu7kr"
          }
        },
        {
          "cursor": "eyJjIjoxMiwidCI6OCwiaSI6ZmFsc2V9",
          "node": {
            "digest": "8Tati4MMVtcAYuDNgawg46egeENNUVG9bDfyV8BZ24FN"
          }
        },
        {
          "cursor": "eyJjIjoxMiwidCI6OSwiaSI6ZmFsc2V9",
          "node": {
            "digest": "6wvbyi6kjMYcD1YTVZCVR5tySWgYPBEyFqp4Ry94qHd9"
          }
        },
        {
          "cursor": "eyJjIjoxMiwidCI6MTAsImkiOmZhbHNlfQ",
          "node": {
            "digest": "51CFRW8hURWB7a2i68w2g5pNxqTnjRdnbgnggZuPo6fq"
          }
        }
      ]
    }
  }
}

task 23, lines 160-200:
//# run-graphql --cursors {"t":0,"i":false,"c":7} {"t":4,"i":false,"c":11} {"t":8,"i":false,"c":12}
Response: {
  "data": {
    "checkpoint": {
      "sequenceNumber": 12
    },
    "epoch_0": {
      "epochId": 0,
      "transactionBlocks": {
        "edges": [
          {
            "cursor": "eyJjIjo3LCJ0IjoxLCJpIjpmYWxzZX0",
            "node": {
              "digest": "86m33AmSnfFVk2fLf3mfddzAcSXPAawVXse6dJZwpVKA"
            }
          },
          {
            "cursor": "eyJjIjo3LCJ0IjoyLCJpIjpmYWxzZX0",
            "node": {
              "digest": "4W1uJURxYJRWuM8H6nN6ddMsgaoykainRhXgaTLCpSnd"
            }
          },
          {
            "cursor": "eyJjIjo3LCJ0IjozLCJpIjpmYWxzZX0",
            "node": {
              "digest": "CCWGo3mktMapsV9DKmzXHysxzaJip3kujsWaSuvMEQNd"
            }
          }
        ]
      }
    },
    "epoch_1": {
      "epochId": 1,
      "transactionBlocks": {
        "edges": [
          {
            "cursor": "eyJjIjoxMSwidCI6NSwiaSI6ZmFsc2V9",
            "node": {
              "digest": "ExebPaJwnnSFpjXMmjcxZBt2iceLeRU4XGBCWgNEZcmt"
            }
          },
          {
            "cursor": "eyJjIjoxMSwidCI6NiwiaSI6ZmFsc2V9",
            "node": {
              "digest": "F6vMWskqZbAeBkgFTiA6fasqa69TGN6DbrMAMA4muCbs"
            }
          },
          {
            "cursor": "eyJjIjoxMSwidCI6NywiaSI6ZmFsc2V9",
            "node": {
              "digest": "GFCx8HXzQg73TjHd54dFk6DVhPjU9pwMi4cXT27Mu7kr"
            }
          }
        ]
      }
    },
    "epoch_2": {
      "epochId": 2,
      "transactionBlocks": {
        "edges": [
          {
            "cursor": "eyJjIjoxMiwidCI6OSwiaSI6ZmFsc2V9",
            "node": {
              "digest": "6wvbyi6kjMYcD1YTVZCVR5tySWgYPBEyFqp4Ry94qHd9"
            }
          },
          {
            "cursor": "eyJjIjoxMiwidCI6MTAsImkiOmZhbHNlfQ",
            "node": {
              "digest": "51CFRW8hURWB7a2i68w2g5pNxqTnjRdnbgnggZuPo6fq"
            }
          },
          {
            "cursor": "eyJjIjoxMiwidCI6MTEsImkiOmZhbHNlfQ",
            "node": {
              "digest": "kuZL4jSXz1ZRweGqK8qet9k2DTJV8DYZ7TmmB7fbzZS"
            }
          }
        ]
      }
    }
  }
}

task 24, lines 202-242:
//# run-graphql --cursors {"t":1,"i":false,"c":2} {"t":5,"i":false,"c":6} {"t":9,"i":false,"c":10}
Response: {
  "data": {
    "checkpoint": {
      "sequenceNumber": 12
    },
    "epoch_0": {
      "epochId": 0,
      "transactionBlocks": {
        "edges": [
          {
            "cursor": "eyJjIjoyLCJ0IjoyLCJpIjpmYWxzZX0",
            "node": {
              "digest": "4W1uJURxYJRWuM8H6nN6ddMsgaoykainRhXgaTLCpSnd"
            }
          }
        ]
      }
    },
    "epoch_1": {
      "epochId": 1,
      "transactionBlocks": {
        "edges": [
          {
            "cursor": "eyJjIjo2LCJ0Ijo2LCJpIjpmYWxzZX0",
            "node": {
              "digest": "F6vMWskqZbAeBkgFTiA6fasqa69TGN6DbrMAMA4muCbs"
            }
          }
        ]
      }
    },
    "epoch_2": {
      "epochId": 2,
      "transactionBlocks": {
        "edges": [
          {
            "cursor": "eyJjIjoxMCwidCI6MTAsImkiOmZhbHNlfQ",
            "node": {
              "digest": "51CFRW8hURWB7a2i68w2g5pNxqTnjRdnbgnggZuPo6fq"
            }
          }
        ]
      }
    }
  }
}

task 25, lines 244-283:
//# run-graphql --cursors {"t":5,"i":false,"c":6}
Response: {
  "data": {
    "checkpoint": {
      "sequenceNumber": 12
    },
    "with_cursor": {
      "edges": [
        {
          "cursor": "eyJjIjo2LCJ0Ijo2LCJpIjpmYWxzZX0",
          "node": {
            "digest": "F6vMWskqZbAeBkgFTiA6fasqa69TGN6DbrMAMA4muCbs",
            "sender": {
              "objects": {
                "edges": [
                  {
                    "cursor": "IAFxIKxogKyG+D7k8xaNvUSfitG6RgweL5I3lGyXvF35BgAAAAAAAAA="
                  },
                  {
                    "cursor": "IDKW+3fS2w9PTvRTkCjx0VCOxE3zFAOntBGH1RQgXVZ7BgAAAAAAAAA="
                  },
                  {
                    "cursor": "IGmxK5AuJHJsEXsTaQgUjtuM7+f00SLRtdlua2n+s8cuBgAAAAAAAAA="
                  },
                  {
                    "cursor": "ILNpJRHx3PwTweTU5rSXlJQOlYCr61cOpYsLAu8fN8+kBgAAAAAAAAA="
                  },
                  {
                    "cursor": "IO2byVxvjAWeuEdlvcCEjn6v4S+OIWxInnDELllQeeMQBgAAAAAAAAA="
                  }
                ]
              }
            }
          }
        }
      ]
    },
    "without_cursor": {
      "edges": [
        {
          "cursor": "eyJjIjoxMiwidCI6MiwiaSI6ZmFsc2V9",
          "node": {
            "digest": "4W1uJURxYJRWuM8H6nN6ddMsgaoykainRhXgaTLCpSnd",
            "sender": {
              "objects": {
                "edges": [
                  {
                    "cursor": "IAFxIKxogKyG+D7k8xaNvUSfitG6RgweL5I3lGyXvF35DAAAAAAAAAA="
                  },
                  {
                    "cursor": "IB4N9+hatkNyMIYejZEg7KmG2c2Toz07NOuVKjhQVRt4DAAAAAAAAAA="
                  },
                  {
                    "cursor": "IDKW+3fS2w9PTvRTkCjx0VCOxE3zFAOntBGH1RQgXVZ7DAAAAAAAAAA="
                  },
                  {
                    "cursor": "ID/IV8stREdVyJ77wHGDSK3BT2PQNqgRL8fM9EqJaE+hDAAAAAAAAAA="
                  },
                  {
                    "cursor": "IGmxK5AuJHJsEXsTaQgUjtuM7+f00SLRtdlua2n+s8cuDAAAAAAAAAA="
                  },
                  {
                    "cursor": "ILNpJRHx3PwTweTU5rSXlJQOlYCr61cOpYsLAu8fN8+kDAAAAAAAAAA="
                  },
                  {
                    "cursor": "INoEN9KRp7Dhznpb5o8qFZ7ICfTXu3pYPCwIs0AE552kDAAAAAAAAAA="
                  },
                  {
                    "cursor": "IO2byVxvjAWeuEdlvcCEjn6v4S+OIWxInnDELllQeeMQDAAAAAAAAAA="
                  }
                ]
              }
            }
          }
        },
        {
          "cursor": "eyJjIjoxMiwidCI6NCwiaSI6ZmFsc2V9",
          "node": {
            "digest": "C1AmtnZZF8V8gQ2BmsfT3vz1QdgGqZ3sAZgtFt5Mgs5y",
            "sender": {
              "objects": {
                "edges": [
                  {
                    "cursor": "IAFxIKxogKyG+D7k8xaNvUSfitG6RgweL5I3lGyXvF35DAAAAAAAAAA="
                  },
                  {
                    "cursor": "IB4N9+hatkNyMIYejZEg7KmG2c2Toz07NOuVKjhQVRt4DAAAAAAAAAA="
                  },
                  {
                    "cursor": "IDKW+3fS2w9PTvRTkCjx0VCOxE3zFAOntBGH1RQgXVZ7DAAAAAAAAAA="
                  },
                  {
                    "cursor": "ID/IV8stREdVyJ77wHGDSK3BT2PQNqgRL8fM9EqJaE+hDAAAAAAAAAA="
                  },
                  {
                    "cursor": "IGmxK5AuJHJsEXsTaQgUjtuM7+f00SLRtdlua2n+s8cuDAAAAAAAAAA="
                  },
                  {
                    "cursor": "ILNpJRHx3PwTweTU5rSXlJQOlYCr61cOpYsLAu8fN8+kDAAAAAAAAAA="
                  },
                  {
                    "cursor": "INoEN9KRp7Dhznpb5o8qFZ7ICfTXu3pYPCwIs0AE552kDAAAAAAAAAA="
                  },
                  {
                    "cursor": "IO2byVxvjAWeuEdlvcCEjn6v4S+OIWxInnDELllQeeMQDAAAAAAAAAA="
                  }
                ]
              }
            }
          }
        },
        {
          "cursor": "eyJjIjoxMiwidCI6NSwiaSI6ZmFsc2V9",
          "node": {
            "digest": "ExebPaJwnnSFpjXMmjcxZBt2iceLeRU4XGBCWgNEZcmt",
            "sender": {
              "objects": {
                "edges": [
                  {
                    "cursor": "IAFxIKxogKyG+D7k8xaNvUSfitG6RgweL5I3lGyXvF35DAAAAAAAAAA="
                  },
                  {
                    "cursor": "IB4N9+hatkNyMIYejZEg7KmG2c2Toz07NOuVKjhQVRt4DAAAAAAAAAA="
                  },
                  {
                    "cursor": "IDKW+3fS2w9PTvRTkCjx0VCOxE3zFAOntBGH1RQgXVZ7DAAAAAAAAAA="
                  },
                  {
                    "cursor": "ID/IV8stREdVyJ77wHGDSK3BT2PQNqgRL8fM9EqJaE+hDAAAAAAAAAA="
                  },
                  {
                    "cursor": "IGmxK5AuJHJsEXsTaQgUjtuM7+f00SLRtdlua2n+s8cuDAAAAAAAAAA="
                  },
                  {
                    "cursor": "ILNpJRHx3PwTweTU5rSXlJQOlYCr61cOpYsLAu8fN8+kDAAAAAAAAAA="
                  },
                  {
                    "cursor": "INoEN9KRp7Dhznpb5o8qFZ7ICfTXu3pYPCwIs0AE552kDAAAAAAAAAA="
                  },
                  {
                    "cursor": "IO2byVxvjAWeuEdlvcCEjn6v4S+OIWxInnDELllQeeMQDAAAAAAAAAA="
                  }
                ]
              }
            }
          }
        },
        {
          "cursor": "eyJjIjoxMiwidCI6NiwiaSI6ZmFsc2V9",
          "node": {
            "digest": "F6vMWskqZbAeBkgFTiA6fasqa69TGN6DbrMAMA4muCbs",
            "sender": {
              "objects": {
                "edges": [
                  {
                    "cursor": "IAFxIKxogKyG+D7k8xaNvUSfitG6RgweL5I3lGyXvF35DAAAAAAAAAA="
                  },
                  {
                    "cursor": "IB4N9+hatkNyMIYejZEg7KmG2c2Toz07NOuVKjhQVRt4DAAAAAAAAAA="
                  },
                  {
                    "cursor": "IDKW+3fS2w9PTvRTkCjx0VCOxE3zFAOntBGH1RQgXVZ7DAAAAAAAAAA="
                  },
                  {
                    "cursor": "ID/IV8stREdVyJ77wHGDSK3BT2PQNqgRL8fM9EqJaE+hDAAAAAAAAAA="
                  },
                  {
                    "cursor": "IGmxK5AuJHJsEXsTaQgUjtuM7+f00SLRtdlua2n+s8cuDAAAAAAAAAA="
                  },
                  {
                    "cursor": "ILNpJRHx3PwTweTU5rSXlJQOlYCr61cOpYsLAu8fN8+kDAAAAAAAAAA="
                  },
                  {
                    "cursor": "INoEN9KRp7Dhznpb5o8qFZ7ICfTXu3pYPCwIs0AE552kDAAAAAAAAAA="
                  },
                  {
                    "cursor": "IO2byVxvjAWeuEdlvcCEjn6v4S+OIWxInnDELllQeeMQDAAAAAAAAAA="
                  }
                ]
              }
            }
          }
        },
        {
          "cursor": "eyJjIjoxMiwidCI6OCwiaSI6ZmFsc2V9",
          "node": {
            "digest": "8Tati4MMVtcAYuDNgawg46egeENNUVG9bDfyV8BZ24FN",
            "sender": {
              "objects": {
                "edges": [
                  {
                    "cursor": "IAFxIKxogKyG+D7k8xaNvUSfitG6RgweL5I3lGyXvF35DAAAAAAAAAA="
                  },
                  {
                    "cursor": "IB4N9+hatkNyMIYejZEg7KmG2c2Toz07NOuVKjhQVRt4DAAAAAAAAAA="
                  },
                  {
                    "cursor": "IDKW+3fS2w9PTvRTkCjx0VCOxE3zFAOntBGH1RQgXVZ7DAAAAAAAAAA="
                  },
                  {
                    "cursor": "ID/IV8stREdVyJ77wHGDSK3BT2PQNqgRL8fM9EqJaE+hDAAAAAAAAAA="
                  },
                  {
                    "cursor": "IGmxK5AuJHJsEXsTaQgUjtuM7+f00SLRtdlua2n+s8cuDAAAAAAAAAA="
                  },
                  {
                    "cursor": "ILNpJRHx3PwTweTU5rSXlJQOlYCr61cOpYsLAu8fN8+kDAAAAAAAAAA="
                  },
                  {
                    "cursor": "INoEN9KRp7Dhznpb5o8qFZ7ICfTXu3pYPCwIs0AE552kDAAAAAAAAAA="
                  },
                  {
                    "cursor": "IO2byVxvjAWeuEdlvcCEjn6v4S+OIWxInnDELllQeeMQDAAAAAAAAAA="
                  }
                ]
              }
            }
          }
        },
        {
          "cursor": "eyJjIjoxMiwidCI6OSwiaSI6ZmFsc2V9",
          "node": {
            "digest": "6wvbyi6kjMYcD1YTVZCVR5tySWgYPBEyFqp4Ry94qHd9",
            "sender": {
              "objects": {
                "edges": [
                  {
                    "cursor": "IAFxIKxogKyG+D7k8xaNvUSfitG6RgweL5I3lGyXvF35DAAAAAAAAAA="
                  },
                  {
                    "cursor": "IB4N9+hatkNyMIYejZEg7KmG2c2Toz07NOuVKjhQVRt4DAAAAAAAAAA="
                  },
                  {
                    "cursor": "IDKW+3fS2w9PTvRTkCjx0VCOxE3zFAOntBGH1RQgXVZ7DAAAAAAAAAA="
                  },
                  {
                    "cursor": "ID/IV8stREdVyJ77wHGDSK3BT2PQNqgRL8fM9EqJaE+hDAAAAAAAAAA="
                  },
                  {
                    "cursor": "IGmxK5AuJHJsEXsTaQgUjtuM7+f00SLRtdlua2n+s8cuDAAAAAAAAAA="
                  },
                  {
                    "cursor": "ILNpJRHx3PwTweTU5rSXlJQOlYCr61cOpYsLAu8fN8+kDAAAAAAAAAA="
                  },
                  {
                    "cursor": "INoEN9KRp7Dhznpb5o8qFZ7ICfTXu3pYPCwIs0AE552kDAAAAAAAAAA="
                  },
                  {
                    "cursor": "IO2byVxvjAWeuEdlvcCEjn6v4S+OIWxInnDELllQeeMQDAAAAAAAAAA="
                  }
                ]
              }
            }
          }
        },
        {
          "cursor": "eyJjIjoxMiwidCI6MTAsImkiOmZhbHNlfQ",
          "node": {
            "digest": "51CFRW8hURWB7a2i68w2g5pNxqTnjRdnbgnggZuPo6fq",
            "sender": {
              "objects": {
                "edges": [
                  {
                    "cursor": "IAFxIKxogKyG+D7k8xaNvUSfitG6RgweL5I3lGyXvF35DAAAAAAAAAA="
                  },
                  {
                    "cursor": "IB4N9+hatkNyMIYejZEg7KmG2c2Toz07NOuVKjhQVRt4DAAAAAAAAAA="
                  },
                  {
                    "cursor": "IDKW+3fS2w9PTvRTkCjx0VCOxE3zFAOntBGH1RQgXVZ7DAAAAAAAAAA="
                  },
                  {
                    "cursor": "ID/IV8stREdVyJ77wHGDSK3BT2PQNqgRL8fM9EqJaE+hDAAAAAAAAAA="
                  },
                  {
                    "cursor": "IGmxK5AuJHJsEXsTaQgUjtuM7+f00SLRtdlua2n+s8cuDAAAAAAAAAA="
                  },
                  {
                    "cursor": "ILNpJRHx3PwTweTU5rSXlJQOlYCr61cOpYsLAu8fN8+kDAAAAAAAAAA="
                  },
                  {
                    "cursor": "INoEN9KRp7Dhznpb5o8qFZ7ICfTXu3pYPCwIs0AE552kDAAAAAAAAAA="
                  },
                  {
                    "cursor": "IO2byVxvjAWeuEdlvcCEjn6v4S+OIWxInnDELllQeeMQDAAAAAAAAAA="
                  }
                ]
              }
            }
          }
        }
      ]
    }
  }
}
