---
source: crates/move-compiler/tests/move_check_testsuite.rs
info:
  flavor: iota
  edition: legacy
  lint: false
---
error[Iota E02003]: invalid 'init' function
  ┌─ tests/iota_mode/init/not_generic.move:4:9
  │
4 │     fun init<T>(_ctx: &mut tx_context::TxContext) {
  │         ^^^^ - 'init' functions cannot have type parameters
  │         │     
  │         Invalid 'init' function declaration
