---
source: crates/iota-swarm-config/tests/snapshot_tests.rs
expression: network_config
---
validator_configs:
  - authority-key-pair:
      value: VTDx4HjVmRBqdqBWg2zN+zcFE20io3CrBchGy/iV1lo=
    protocol-key-pair:
      value: iotaprivkey1qplvel8t02y5wlex8ca6l95xnyzyutmwymznuzhsg963478pjdxdxvys9a8
    account-key-pair:
      value: iotaprivkey1qplrnsltlrzxj3rn5syd6e863xs0227u4rayja6lz0exg623wftxj6nvtyy
    network-key-pair:
      value: iotaprivkey1qpj72v92mzfrlq3w3rk4flq676cn2s2znywfq0judp0cz6nm569dzwvvq2s
    db-path: /tmp/foo/
    network-address: ""
    json-rpc-address: "0.0.0.0:1"
    enable-rest-api: true
    metrics-address: "0.0.0.0:1"
    admin-interface-address: "127.0.0.1:8888"
    consensus-config:
      db-path: /tmp/foo/
      db-retention-epochs: ~
      db-pruner-period-secs: ~
      max-pending-transactions: ~
      max-submit-position: ~
      submit-delay-step-override-millis: ~
      parameters: ~
    enable-index-processing: true
    jsonrpc-server-type: ~
    grpc-load-shed: ~
    grpc-concurrency-limit: 20000000000
    p2p-config:
      listen-address: "0.0.0.0:1"
      state-sync:
        checkpoint-content-timeout-ms: 10000
    genesis:
      genesis: "[fake genesis]"
    migration-tx-data-path: "[fake migration path]"
    authority-store-pruning-config:
      num-latest-epoch-dbs-to-retain: 3
      epoch-db-pruning-period-secs: 3600
      num-epochs-to-retain: 0
      max-checkpoints-in-batch: 10
      max-transactions-in-batch: 1000
    end-of-epoch-broadcast-channel-capacity: 128
    checkpoint-executor-config:
      checkpoint-execution-max-concurrency: 200
      local-execution-timeout-sec: 30
    db-checkpoint-config:
      perform-db-checkpoints-at-epoch-end: false
    indirect-objects-threshold: 18446744073709551615
    expensive-safety-check-config:
      enable-epoch-iota-conservation-check: false
      enable-deep-per-tx-iota-conservation-check: false
      force-disable-epoch-iota-conservation-check: false
      enable-state-consistency-check: false
      force-disable-state-consistency-check: false
      enable-secondary-index-checks: false
    transaction-deny-config:
      package-publish-disabled: false
      package-upgrade-disabled: false
      shared-object-disabled: false
      user-transaction-disabled: false
      receiving-objects-disabled: false
      zklogin-sig-disabled: false
      zklogin-disabled-providers: []
    certificate-deny-config: {}
    state-debug-dump-config: {}
    state-archive-write-config:
      concurrency: 0
      use-for-pruning-watermark: false
    state-archive-read-config: []
    state-snapshot-write-config:
      concurrency: 0
    indexer-max-subscriptions: ~
    transaction-kv-store-read-config:
      base-url: ""
    jwk-fetch-interval-seconds: 3600
    zklogin-oauth-providers:
      Mainnet:
        - Apple
        - Credenza3
        - Facebook
        - Google
        - KarrierOne
        - Twitch
      Testnet:
        - Apple
        - Credenza3
        - Facebook
        - Google
        - KarrierOne
        - Twitch
      Unknown:
        - Apple
        - Credenza3
        - Facebook
        - Google
        - Kakao
        - KarrierOne
        - Microsoft
        - Slack
        - TestIssuer
        - Twitch
    authority-overload-config:
      max-txn-age-in-queue:
        secs: 0
        nanos: 500000000
      overload-monitor-interval:
        secs: 10
        nanos: 0
      execution-queue-latency-soft-limit:
        secs: 1
        nanos: 0
      execution-queue-latency-hard-limit:
        secs: 10
        nanos: 0
      max-load-shedding-percentage: 95
      min-load-shedding-percentage-above-hard-limit: 50
      safe-transaction-ready-rate: 100
      check-system-overload-at-signing: true
      max-transaction-manager-queue-length: 100000
      max-transaction-manager-per-object-queue-length: 100
    execution-cache: passthrough-cache
    enable-validator-tx-finalizer: true
  - authority-key-pair:
      value: avYcyVgYMXTyaUYh9IRwLK0gSzl7YF6ZQDAbrS1Bhvo=
    protocol-key-pair:
      value: iotaprivkey1qqt9zn9dmzvaryw8xxta7uz534kq339pnjtal747kfqz47xdvduq6jtnwz4
    account-key-pair:
      value: iotaprivkey1qq554klc9kyjl8x2j0ja52t6vqhr60ycys0gqgy7j2var5fzczznq9mn90k
    network-key-pair:
      value: iotaprivkey1qzj0qj46vz4eq3yynqygdla4rayvezy5pj9qjp4jkqt0g3q0drzgs580hm5
    db-path: /tmp/foo/
    network-address: ""
    json-rpc-address: "0.0.0.0:1"
    enable-rest-api: true
    metrics-address: "0.0.0.0:1"
    admin-interface-address: "127.0.0.1:8888"
    consensus-config:
      db-path: /tmp/foo/
      db-retention-epochs: ~
      db-pruner-period-secs: ~
      max-pending-transactions: ~
      max-submit-position: ~
      submit-delay-step-override-millis: ~
      parameters: ~
    enable-index-processing: true
    jsonrpc-server-type: ~
    grpc-load-shed: ~
    grpc-concurrency-limit: 20000000000
    p2p-config:
      listen-address: "0.0.0.0:1"
      state-sync:
        checkpoint-content-timeout-ms: 10000
    genesis:
      genesis: "[fake genesis]"
    migration-tx-data-path: "[fake migration path]"
    authority-store-pruning-config:
      num-latest-epoch-dbs-to-retain: 3
      epoch-db-pruning-period-secs: 3600
      num-epochs-to-retain: 0
      max-checkpoints-in-batch: 10
      max-transactions-in-batch: 1000
    end-of-epoch-broadcast-channel-capacity: 128
    checkpoint-executor-config:
      checkpoint-execution-max-concurrency: 200
      local-execution-timeout-sec: 30
    db-checkpoint-config:
      perform-db-checkpoints-at-epoch-end: false
    indirect-objects-threshold: 18446744073709551615
    expensive-safety-check-config:
      enable-epoch-iota-conservation-check: false
      enable-deep-per-tx-iota-conservation-check: false
      force-disable-epoch-iota-conservation-check: false
      enable-state-consistency-check: false
      force-disable-state-consistency-check: false
      enable-secondary-index-checks: false
    transaction-deny-config:
      package-publish-disabled: false
      package-upgrade-disabled: false
      shared-object-disabled: false
      user-transaction-disabled: false
      receiving-objects-disabled: false
      zklogin-sig-disabled: false
      zklogin-disabled-providers: []
    certificate-deny-config: {}
    state-debug-dump-config: {}
    state-archive-write-config:
      concurrency: 0
      use-for-pruning-watermark: false
    state-archive-read-config: []
    state-snapshot-write-config:
      concurrency: 0
    indexer-max-subscriptions: ~
    transaction-kv-store-read-config:
      base-url: ""
    jwk-fetch-interval-seconds: 3600
    zklogin-oauth-providers:
      Mainnet:
        - Apple
        - Credenza3
        - Facebook
        - Google
        - KarrierOne
        - Twitch
      Testnet:
        - Apple
        - Credenza3
        - Facebook
        - Google
        - KarrierOne
        - Twitch
      Unknown:
        - Apple
        - Credenza3
        - Facebook
        - Google
        - Kakao
        - KarrierOne
        - Microsoft
        - Slack
        - TestIssuer
        - Twitch
    authority-overload-config:
      max-txn-age-in-queue:
        secs: 0
        nanos: 500000000
      overload-monitor-interval:
        secs: 10
        nanos: 0
      execution-queue-latency-soft-limit:
        secs: 1
        nanos: 0
      execution-queue-latency-hard-limit:
        secs: 10
        nanos: 0
      max-load-shedding-percentage: 95
      min-load-shedding-percentage-above-hard-limit: 50
      safe-transaction-ready-rate: 100
      check-system-overload-at-signing: true
      max-transaction-manager-queue-length: 100000
      max-transaction-manager-per-object-queue-length: 100
    execution-cache: passthrough-cache
    enable-validator-tx-finalizer: true
  - authority-key-pair:
      value: OXnx3yM1C/ppgnDMx/o1d49fJs7E05kq11mXNae/O+I=
    protocol-key-pair:
      value: iotaprivkey1qrdex9ef3ydsafwkkjr909mwuphpzw8zmhs6w4pzm3c4v89h6evu6kw8vxg
    account-key-pair:
      value: iotaprivkey1qpan090c0sh9sk5avylu6wxw4qckgd3qe0dghvvwxfl9sd8elc2kq83nhzj
    network-key-pair:
      value: iotaprivkey1qzfgl9dtym3ymyjzwfkg8j5rykwlzezjldpkfksl9eml0pu43hlgc4kp8cf
    db-path: /tmp/foo/
    network-address: ""
    json-rpc-address: "0.0.0.0:1"
    enable-rest-api: true
    metrics-address: "0.0.0.0:1"
    admin-interface-address: "127.0.0.1:8888"
    consensus-config:
      db-path: /tmp/foo/
      db-retention-epochs: ~
      db-pruner-period-secs: ~
      max-pending-transactions: ~
      max-submit-position: ~
      submit-delay-step-override-millis: ~
      parameters: ~
    enable-index-processing: true
    jsonrpc-server-type: ~
    grpc-load-shed: ~
    grpc-concurrency-limit: 20000000000
    p2p-config:
      listen-address: "0.0.0.0:1"
      state-sync:
        checkpoint-content-timeout-ms: 10000
    genesis:
      genesis: "[fake genesis]"
    migration-tx-data-path: "[fake migration path]"
    authority-store-pruning-config:
      num-latest-epoch-dbs-to-retain: 3
      epoch-db-pruning-period-secs: 3600
      num-epochs-to-retain: 0
      max-checkpoints-in-batch: 10
      max-transactions-in-batch: 1000
    end-of-epoch-broadcast-channel-capacity: 128
    checkpoint-executor-config:
      checkpoint-execution-max-concurrency: 200
      local-execution-timeout-sec: 30
    db-checkpoint-config:
      perform-db-checkpoints-at-epoch-end: false
    indirect-objects-threshold: 18446744073709551615
    expensive-safety-check-config:
      enable-epoch-iota-conservation-check: false
      enable-deep-per-tx-iota-conservation-check: false
      force-disable-epoch-iota-conservation-check: false
      enable-state-consistency-check: false
      force-disable-state-consistency-check: false
      enable-secondary-index-checks: false
    transaction-deny-config:
      package-publish-disabled: false
      package-upgrade-disabled: false
      shared-object-disabled: false
      user-transaction-disabled: false
      receiving-objects-disabled: false
      zklogin-sig-disabled: false
      zklogin-disabled-providers: []
    certificate-deny-config: {}
    state-debug-dump-config: {}
    state-archive-write-config:
      concurrency: 0
      use-for-pruning-watermark: false
    state-archive-read-config: []
    state-snapshot-write-config:
      concurrency: 0
    indexer-max-subscriptions: ~
    transaction-kv-store-read-config:
      base-url: ""
    jwk-fetch-interval-seconds: 3600
    zklogin-oauth-providers:
      Mainnet:
        - Apple
        - Credenza3
        - Facebook
        - Google
        - KarrierOne
        - Twitch
      Testnet:
        - Apple
        - Credenza3
        - Facebook
        - Google
        - KarrierOne
        - Twitch
      Unknown:
        - Apple
        - Credenza3
        - Facebook
        - Google
        - Kakao
        - KarrierOne
        - Microsoft
        - Slack
        - TestIssuer
        - Twitch
    authority-overload-config:
      max-txn-age-in-queue:
        secs: 0
        nanos: 500000000
      overload-monitor-interval:
        secs: 10
        nanos: 0
      execution-queue-latency-soft-limit:
        secs: 1
        nanos: 0
      execution-queue-latency-hard-limit:
        secs: 10
        nanos: 0
      max-load-shedding-percentage: 95
      min-load-shedding-percentage-above-hard-limit: 50
      safe-transaction-ready-rate: 100
      check-system-overload-at-signing: true
      max-transaction-manager-queue-length: 100000
      max-transaction-manager-per-object-queue-length: 100
    execution-cache: passthrough-cache
    enable-validator-tx-finalizer: true
  - authority-key-pair:
      value: CyNkjqNVr3HrHTH7f/NLs7u5lUHJzuPAw0PqMTD2y2s=
    protocol-key-pair:
      value: iotaprivkey1qpscy6yvk5ashmewmtm2msw7cffyjpyze08p43r23cgfshgrm9z0xgyvu9e
    account-key-pair:
      value: iotaprivkey1qr2rsahv2wcww6ragqrh6g3g7fr2ud376frx9kvzvajx7hvrcvgh5409rah
    network-key-pair:
      value: iotaprivkey1qzs53qtrapxedl0lx5h075lucpdhzrpk9cumjdwxhlgxk9nkr78jy3z53gh
    db-path: /tmp/foo/
    network-address: ""
    json-rpc-address: "0.0.0.0:1"
    enable-rest-api: true
    metrics-address: "0.0.0.0:1"
    admin-interface-address: "127.0.0.1:8888"
    consensus-config:
      db-path: /tmp/foo/
      db-retention-epochs: ~
      db-pruner-period-secs: ~
      max-pending-transactions: ~
      max-submit-position: ~
      submit-delay-step-override-millis: ~
      parameters: ~
    enable-index-processing: true
    jsonrpc-server-type: ~
    grpc-load-shed: ~
    grpc-concurrency-limit: 20000000000
    p2p-config:
      listen-address: "0.0.0.0:1"
      state-sync:
        checkpoint-content-timeout-ms: 10000
    genesis:
      genesis: "[fake genesis]"
    migration-tx-data-path: "[fake migration path]"
    authority-store-pruning-config:
      num-latest-epoch-dbs-to-retain: 3
      epoch-db-pruning-period-secs: 3600
      num-epochs-to-retain: 0
      max-checkpoints-in-batch: 10
      max-transactions-in-batch: 1000
    end-of-epoch-broadcast-channel-capacity: 128
    checkpoint-executor-config:
      checkpoint-execution-max-concurrency: 200
      local-execution-timeout-sec: 30
    db-checkpoint-config:
      perform-db-checkpoints-at-epoch-end: false
    indirect-objects-threshold: 18446744073709551615
    expensive-safety-check-config:
      enable-epoch-iota-conservation-check: false
      enable-deep-per-tx-iota-conservation-check: false
      force-disable-epoch-iota-conservation-check: false
      enable-state-consistency-check: false
      force-disable-state-consistency-check: false
      enable-secondary-index-checks: false
    transaction-deny-config:
      package-publish-disabled: false
      package-upgrade-disabled: false
      shared-object-disabled: false
      user-transaction-disabled: false
      receiving-objects-disabled: false
      zklogin-sig-disabled: false
      zklogin-disabled-providers: []
    certificate-deny-config: {}
    state-debug-dump-config: {}
    state-archive-write-config:
      concurrency: 0
      use-for-pruning-watermark: false
    state-archive-read-config: []
    state-snapshot-write-config:
      concurrency: 0
    indexer-max-subscriptions: ~
    transaction-kv-store-read-config:
      base-url: ""
    jwk-fetch-interval-seconds: 3600
    zklogin-oauth-providers:
      Mainnet:
        - Apple
        - Credenza3
        - Facebook
        - Google
        - KarrierOne
        - Twitch
      Testnet:
        - Apple
        - Credenza3
        - Facebook
        - Google
        - KarrierOne
        - Twitch
      Unknown:
        - Apple
        - Credenza3
        - Facebook
        - Google
        - Kakao
        - KarrierOne
        - Microsoft
        - Slack
        - TestIssuer
        - Twitch
    authority-overload-config:
      max-txn-age-in-queue:
        secs: 0
        nanos: 500000000
      overload-monitor-interval:
        secs: 10
        nanos: 0
      execution-queue-latency-soft-limit:
        secs: 1
        nanos: 0
      execution-queue-latency-hard-limit:
        secs: 10
        nanos: 0
      max-load-shedding-percentage: 95
      min-load-shedding-percentage-above-hard-limit: 50
      safe-transaction-ready-rate: 100
      check-system-overload-at-signing: true
      max-transaction-manager-queue-length: 100000
      max-transaction-manager-per-object-queue-length: 100
    execution-cache: passthrough-cache
    enable-validator-tx-finalizer: true
  - authority-key-pair:
      value: X/I/kM+KvHcxAKEf2UU6Sr7SpN3bhiE9nP5CuM/iIY0=
    protocol-key-pair:
      value: iotaprivkey1qqg8t7c7yaz95vnqdh4j4eev2e5uqeqaf3luqqkp7apjdufgnggevfkz7yg
    account-key-pair:
      value: iotaprivkey1qqzz6gdu87660sg0vhl20fuluyd3jv6epgdchm6cc7dkpaewnh8mju4tkfv
    network-key-pair:
      value: iotaprivkey1qzgh9khy9vggfpfnjcg5zyz5el279vf849q3j93nxep68tpk56257n95j5f
    db-path: /tmp/foo/
    network-address: ""
    json-rpc-address: "0.0.0.0:1"
    enable-rest-api: true
    metrics-address: "0.0.0.0:1"
    admin-interface-address: "127.0.0.1:8888"
    consensus-config:
      db-path: /tmp/foo/
      db-retention-epochs: ~
      db-pruner-period-secs: ~
      max-pending-transactions: ~
      max-submit-position: ~
      submit-delay-step-override-millis: ~
      parameters: ~
    enable-index-processing: true
    jsonrpc-server-type: ~
    grpc-load-shed: ~
    grpc-concurrency-limit: 20000000000
    p2p-config:
      listen-address: "0.0.0.0:1"
      state-sync:
        checkpoint-content-timeout-ms: 10000
    genesis:
      genesis: "[fake genesis]"
    migration-tx-data-path: "[fake migration path]"
    authority-store-pruning-config:
      num-latest-epoch-dbs-to-retain: 3
      epoch-db-pruning-period-secs: 3600
      num-epochs-to-retain: 0
      max-checkpoints-in-batch: 10
      max-transactions-in-batch: 1000
    end-of-epoch-broadcast-channel-capacity: 128
    checkpoint-executor-config:
      checkpoint-execution-max-concurrency: 200
      local-execution-timeout-sec: 30
    db-checkpoint-config:
      perform-db-checkpoints-at-epoch-end: false
    indirect-objects-threshold: 18446744073709551615
    expensive-safety-check-config:
      enable-epoch-iota-conservation-check: false
      enable-deep-per-tx-iota-conservation-check: false
      force-disable-epoch-iota-conservation-check: false
      enable-state-consistency-check: false
      force-disable-state-consistency-check: false
      enable-secondary-index-checks: false
    transaction-deny-config:
      package-publish-disabled: false
      package-upgrade-disabled: false
      shared-object-disabled: false
      user-transaction-disabled: false
      receiving-objects-disabled: false
      zklogin-sig-disabled: false
      zklogin-disabled-providers: []
    certificate-deny-config: {}
    state-debug-dump-config: {}
    state-archive-write-config:
      concurrency: 0
      use-for-pruning-watermark: false
    state-archive-read-config: []
    state-snapshot-write-config:
      concurrency: 0
    indexer-max-subscriptions: ~
    transaction-kv-store-read-config:
      base-url: ""
    jwk-fetch-interval-seconds: 3600
    zklogin-oauth-providers:
      Mainnet:
        - Apple
        - Credenza3
        - Facebook
        - Google
        - KarrierOne
        - Twitch
      Testnet:
        - Apple
        - Credenza3
        - Facebook
        - Google
        - KarrierOne
        - Twitch
      Unknown:
        - Apple
        - Credenza3
        - Facebook
        - Google
        - Kakao
        - KarrierOne
        - Microsoft
        - Slack
        - TestIssuer
        - Twitch
    authority-overload-config:
      max-txn-age-in-queue:
        secs: 0
        nanos: 500000000
      overload-monitor-interval:
        secs: 10
        nanos: 0
      execution-queue-latency-soft-limit:
        secs: 1
        nanos: 0
      execution-queue-latency-hard-limit:
        secs: 10
        nanos: 0
      max-load-shedding-percentage: 95
      min-load-shedding-percentage-above-hard-limit: 50
      safe-transaction-ready-rate: 100
      check-system-overload-at-signing: true
      max-transaction-manager-queue-length: 100000
      max-transaction-manager-per-object-queue-length: 100
    execution-cache: passthrough-cache
    enable-validator-tx-finalizer: true
  - authority-key-pair:
      value: N272EiFDyKtxRbDKbyN6ujenJ+skPcRoc/XolpOLGnU=
    protocol-key-pair:
      value: iotaprivkey1qpe4kflymvc2mqhxlgmxaceqhgnafphn98yxm8w25xt30t65y5jvykfzwpl
    account-key-pair:
      value: iotaprivkey1qzxsuc4377pt89cw7fzp735rvgf6zvwmn5ncsj6hppldfcvde2zau923v9l
    network-key-pair:
      value: iotaprivkey1qpfy4xxkfkf2eyhnjh22sq4vcdnf6mae64arxvqe42yd4x69mrvexzudlfv
    db-path: /tmp/foo/
    network-address: ""
    json-rpc-address: "0.0.0.0:1"
    enable-rest-api: true
    metrics-address: "0.0.0.0:1"
    admin-interface-address: "127.0.0.1:8888"
    consensus-config:
      db-path: /tmp/foo/
      db-retention-epochs: ~
      db-pruner-period-secs: ~
      max-pending-transactions: ~
      max-submit-position: ~
      submit-delay-step-override-millis: ~
      parameters: ~
    enable-index-processing: true
    jsonrpc-server-type: ~
    grpc-load-shed: ~
    grpc-concurrency-limit: 20000000000
    p2p-config:
      listen-address: "0.0.0.0:1"
      state-sync:
        checkpoint-content-timeout-ms: 10000
    genesis:
      genesis: "[fake genesis]"
    migration-tx-data-path: "[fake migration path]"
    authority-store-pruning-config:
      num-latest-epoch-dbs-to-retain: 3
      epoch-db-pruning-period-secs: 3600
      num-epochs-to-retain: 0
      max-checkpoints-in-batch: 10
      max-transactions-in-batch: 1000
    end-of-epoch-broadcast-channel-capacity: 128
    checkpoint-executor-config:
      checkpoint-execution-max-concurrency: 200
      local-execution-timeout-sec: 30
    db-checkpoint-config:
      perform-db-checkpoints-at-epoch-end: false
    indirect-objects-threshold: 18446744073709551615
    expensive-safety-check-config:
      enable-epoch-iota-conservation-check: false
      enable-deep-per-tx-iota-conservation-check: false
      force-disable-epoch-iota-conservation-check: false
      enable-state-consistency-check: false
      force-disable-state-consistency-check: false
      enable-secondary-index-checks: false
    transaction-deny-config:
      package-publish-disabled: false
      package-upgrade-disabled: false
      shared-object-disabled: false
      user-transaction-disabled: false
      receiving-objects-disabled: false
      zklogin-sig-disabled: false
      zklogin-disabled-providers: []
    certificate-deny-config: {}
    state-debug-dump-config: {}
    state-archive-write-config:
      concurrency: 0
      use-for-pruning-watermark: false
    state-archive-read-config: []
    state-snapshot-write-config:
      concurrency: 0
    indexer-max-subscriptions: ~
    transaction-kv-store-read-config:
      base-url: ""
    jwk-fetch-interval-seconds: 3600
    zklogin-oauth-providers:
      Mainnet:
        - Apple
        - Credenza3
        - Facebook
        - Google
        - KarrierOne
        - Twitch
      Testnet:
        - Apple
        - Credenza3
        - Facebook
        - Google
        - KarrierOne
        - Twitch
      Unknown:
        - Apple
        - Credenza3
        - Facebook
        - Google
        - Kakao
        - KarrierOne
        - Microsoft
        - Slack
        - TestIssuer
        - Twitch
    authority-overload-config:
      max-txn-age-in-queue:
        secs: 0
        nanos: 500000000
      overload-monitor-interval:
        secs: 10
        nanos: 0
      execution-queue-latency-soft-limit:
        secs: 1
        nanos: 0
      execution-queue-latency-hard-limit:
        secs: 10
        nanos: 0
      max-load-shedding-percentage: 95
      min-load-shedding-percentage-above-hard-limit: 50
      safe-transaction-ready-rate: 100
      check-system-overload-at-signing: true
      max-transaction-manager-queue-length: 100000
      max-transaction-manager-per-object-queue-length: 100
    execution-cache: passthrough-cache
    enable-validator-tx-finalizer: true
  - authority-key-pair:
      value: a74f03IOjL8ZFSWFChFVEi+wiMwHNwNCPDGIYkGfgjs=
    protocol-key-pair:
      value: iotaprivkey1qpf245xvhwqsr5cvde792qccyf59f47050d900g76960y7z7skau5ta2yhj
    account-key-pair:
      value: iotaprivkey1qqn5ss6zpqhffu4kv5ayvdt2mjr7hc80wwg0v4vlg4ammwxljz3u73462qv
    network-key-pair:
      value: iotaprivkey1qphkurf8frncqfca48klr7ykhrt4408hw8h6jktatrdm5gw380rggynrrlj
    db-path: /tmp/foo/
    network-address: ""
    json-rpc-address: "0.0.0.0:1"
    enable-rest-api: true
    metrics-address: "0.0.0.0:1"
    admin-interface-address: "127.0.0.1:8888"
    consensus-config:
      db-path: /tmp/foo/
      db-retention-epochs: ~
      db-pruner-period-secs: ~
      max-pending-transactions: ~
      max-submit-position: ~
      submit-delay-step-override-millis: ~
      parameters: ~
    enable-index-processing: true
    jsonrpc-server-type: ~
    grpc-load-shed: ~
    grpc-concurrency-limit: 20000000000
    p2p-config:
      listen-address: "0.0.0.0:1"
      state-sync:
        checkpoint-content-timeout-ms: 10000
    genesis:
      genesis: "[fake genesis]"
    migration-tx-data-path: "[fake migration path]"
    authority-store-pruning-config:
      num-latest-epoch-dbs-to-retain: 3
      epoch-db-pruning-period-secs: 3600
      num-epochs-to-retain: 0
      max-checkpoints-in-batch: 10
      max-transactions-in-batch: 1000
    end-of-epoch-broadcast-channel-capacity: 128
    checkpoint-executor-config:
      checkpoint-execution-max-concurrency: 200
      local-execution-timeout-sec: 30
    db-checkpoint-config:
      perform-db-checkpoints-at-epoch-end: false
    indirect-objects-threshold: 18446744073709551615
    expensive-safety-check-config:
      enable-epoch-iota-conservation-check: false
      enable-deep-per-tx-iota-conservation-check: false
      force-disable-epoch-iota-conservation-check: false
      enable-state-consistency-check: false
      force-disable-state-consistency-check: false
      enable-secondary-index-checks: false
    transaction-deny-config:
      package-publish-disabled: false
      package-upgrade-disabled: false
      shared-object-disabled: false
      user-transaction-disabled: false
      receiving-objects-disabled: false
      zklogin-sig-disabled: false
      zklogin-disabled-providers: []
    certificate-deny-config: {}
    state-debug-dump-config: {}
    state-archive-write-config:
      concurrency: 0
      use-for-pruning-watermark: false
    state-archive-read-config: []
    state-snapshot-write-config:
      concurrency: 0
    indexer-max-subscriptions: ~
    transaction-kv-store-read-config:
      base-url: ""
    jwk-fetch-interval-seconds: 3600
    zklogin-oauth-providers:
      Mainnet:
        - Apple
        - Credenza3
        - Facebook
        - Google
        - KarrierOne
        - Twitch
      Testnet:
        - Apple
        - Credenza3
        - Facebook
        - Google
        - KarrierOne
        - Twitch
      Unknown:
        - Apple
        - Credenza3
        - Facebook
        - Google
        - Kakao
        - KarrierOne
        - Microsoft
        - Slack
        - TestIssuer
        - Twitch
    authority-overload-config:
      max-txn-age-in-queue:
        secs: 0
        nanos: 500000000
      overload-monitor-interval:
        secs: 10
        nanos: 0
      execution-queue-latency-soft-limit:
        secs: 1
        nanos: 0
      execution-queue-latency-hard-limit:
        secs: 10
        nanos: 0
      max-load-shedding-percentage: 95
      min-load-shedding-percentage-above-hard-limit: 50
      safe-transaction-ready-rate: 100
      check-system-overload-at-signing: true
      max-transaction-manager-queue-length: 100000
      max-transaction-manager-per-object-queue-length: 100
    execution-cache: passthrough-cache
    enable-validator-tx-finalizer: true
account_keys:
  - Hloy4pnf8pWEHGP+4OFsXz56bLdIJhkD2O+OdKMqCA4=
  - pvMScjoMR/DaN0M5IOxS2VpGC59N6kv6gDm63ufLQ5w=
  - tPu3gzoWoFbHbnuaUp1whWKFV7mtDVfOtTHDWWR2ZoU=
  - mfPjCoE6SX0Sl84MnmNS/LS+tfPpkn7I8tziuk2g0WM=
  - 5RWlYF22jS9i76zLl8jP2D3D8GC5ht+IP1dWUBGZxi8=
genesis: "[fake genesis]"
